d:\recommendsite_client\project_client\build\project_client.dir\release\scoremapreader.obj
d:\recommendsite_client\project_client\build\project_client.dir\release\judgedata.obj
d:\recommendsite_client\project_client\build\project_client.dir\release\module.obj
d:\recommendsite_client\project_client\build\project_client.dir\release\offsetsearcher.obj
d:\recommendsite_client\project_client\build\project_client.dir\release\patternscanner.obj
d:\recommendsite_client\project_client\build\project_client.dir\release\versionresolver.obj
d:\recommendsite_client\project_client\build\project_client.dir\release\versiondetector.obj
d:\recommendsite_client\project_client\build\project_client.dir\release\offsetmanager.obj
d:\recommendsite_client\project_client\build\project_client.dir\release\memoryreader.obj
d:\recommendsite_client\project_client\build\project_client.dir\release\process.obj
d:\recommendsite_client\project_client\build\project_client.dir\release\processfinder.obj
d:\recommendsite_client\project_client\build\project_client.dir\release\logger.obj
d:\recommendsite_client\project_client\build\project_client.dir\release\main.obj
d:\recommendsite_client\project_client\build\project_client.dir\release\tracker.obj
d:\recommendsite_client\project_client\build\cmakefiles\generate.stamp
d:\recommendsite_client\project_client\build\project_client.dir\release\project_client.tlog\cl.command.1.tlog
d:\recommendsite_client\project_client\build\project_client.dir\release\project_client.tlog\cl.items.tlog
d:\recommendsite_client\project_client\build\project_client.dir\release\project_client.tlog\cl.read.1.tlog
d:\recommendsite_client\project_client\build\project_client.dir\release\project_client.tlog\cl.write.1.tlog
d:\recommendsite_client\project_client\build\project_client.dir\release\project_client.tlog\custombuild.command.1.tlog
d:\recommendsite_client\project_client\build\project_client.dir\release\project_client.tlog\custombuild.read.1.tlog
d:\recommendsite_client\project_client\build\project_client.dir\release\project_client.tlog\custombuild.write.1.tlog
d:\recommendsite_client\project_client\build\project_client.dir\release\project_client.tlog\link-cvtres.read.1.tlog
d:\recommendsite_client\project_client\build\project_client.dir\release\project_client.tlog\link-cvtres.write.1.tlog
d:\recommendsite_client\project_client\build\project_client.dir\release\project_client.tlog\link-rc.read.1.tlog
d:\recommendsite_client\project_client\build\project_client.dir\release\project_client.tlog\link-rc.write.1.tlog
d:\recommendsite_client\project_client\build\project_client.dir\release\project_client.tlog\link.command.1.tlog
d:\recommendsite_client\project_client\build\project_client.dir\release\project_client.tlog\link.read.1.tlog
d:\recommendsite_client\project_client\build\project_client.dir\release\project_client.tlog\link.secondary.1.tlog
d:\recommendsite_client\project_client\build\project_client.dir\release\project_client.tlog\link.write.1.tlog
